ERROR|COMPILE_TIME_ERROR|UNDEFINED_METHOD|C:\\Users\\ferch\\Documents\\infoapp - copia antigravyti\\lib\\pages\\servicios\\widgets\\servicios_empty_state.dart|23|33|5|The method 'inbox' isn't defined for the type 'PhosphorIcons'.
ERROR|COMPILE_TIME_ERROR|CONST_EVAL_METHOD_INVOCATION|C:\\Users\\ferch\\Documents\\infoapp - copia antigravyti\\lib\\pages\\servicios\\widgets\\staff_selection_modal.dart|237|30|17|Methods can't be invoked in constant expressions.
WARNING|STATIC_WARNING|UNUSED_LOCAL_VARIABLE|C:\\Users\\ferch\\Documents\\infoapp - copia antigravyti\\lib\\pages\\servicios\\controllers\\servicios_controller.dart|220|15|8|The value of the local variable 'servicio' isn't used.
WARNING|STATIC_WARNING|DEAD_CODE|C:\\Users\\ferch\\Documents\\infoapp - copia antigravyti\\lib\\pages\\servicios\\controllers\\servicios_controller.dart|264|9|7|Dead code.
WARNING|STATIC_WARNING|UNUSED_LOCAL_VARIABLE|C:\\Users\\ferch\\Documents\\infoapp - copia antigravyti\\lib\\pages\\servicios\\controllers\\servicios_controller.dart|561|13|8|The value of the local variable 'servicio' isn't used.
WARNING|STATIC_WARNING|UNUSED_IMPORT|C:\\Users\\ferch\\Documents\\infoapp - copia antigravyti\\lib\\pages\\servicios\\forms\\servicio_create_page.dart|40|8|42|Unused import: '../../staff/services/staff_services.dart'.
WARNING|STATIC_WARNING|UNUSED_IMPORT|C:\\Users\\ferch\\Documents\\infoapp - copia antigravyti\\lib\\pages\\servicios\\forms\\servicio_create_page.dart|41|8|38|Unused import: '../../staff/domain/staff_domain.dart'.
WARNING|STATIC_WARNING|DUPLICATE_IMPORT|C:\\Users\\ferch\\Documents\\infoapp - copia antigravyti\\lib\\pages\\servicios\\forms\\servicio_create_page.dart|43|8|60|Duplicate import.
WARNING|STATIC_WARNING|UNUSED_IMPORT|C:\\Users\\ferch\\Documents\\infoapp - copia antigravyti\\lib\\pages\\servicios\\forms\\servicio_create_page.dart|52|8|30|Unused import: '../models/cliente_model.dart'.
WARNING|STATIC_WARNING|UNUSED_LOCAL_VARIABLE|C:\\Users\\ferch\\Documents\\infoapp - copia antigravyti\\lib\\pages\\servicios\\forms\\servicio_create_page.dart|470|12|10|The value of the local variable 'encontrada' isn't used.
WARNING|STATIC_WARNING|UNUSED_ELEMENT|C:\\Users\\ferch\\Documents\\infoapp - copia antigravyti\\lib\\pages\\servicios\\forms\\servicio_create_page.dart|1209|9|11|The declaration '_parseColor' isn't referenced.
WARNING|STATIC_WARNING|UNUSED_ELEMENT|C:\\Users\\ferch\\Documents\\infoapp - copia antigravyti\\lib\\pages\\servicios\\forms\\servicio_detail_page.dart|1034|16|19|The declaration '_descargarPdfSimple' isn't referenced.
WARNING|STATIC_WARNING|UNUSED_IMPORT|C:\\Users\\ferch\\Documents\\infoapp - copia antigravyti\\lib\\pages\\servicios\\forms\\servicio_form.dart|35|8|30|Unused import: '../models/cliente_model.dart'.
WARNING|STATIC_WARNING|DUPLICATE_IMPORT|C:\\Users\\ferch\\Documents\\infoapp - copia antigravyti\\lib\\pages\\servicios\\forms\\servicio_form.dart|47|8|49|Duplicate import.
WARNING|STATIC_WARNING|UNUSED_ELEMENT|C:\\Users\\ferch\\Documents\\infoapp - copia antigravyti\\lib\\pages\\servicios\\forms\\servicio_form.dart|810|16|16|The declaration '_guardarServicio' isn't referenced.
WARNING|STATIC_WARNING|UNUSED_ELEMENT|C:\\Users\\ferch\\Documents\\infoapp - copia antigravyti\\lib\\pages\\servicios\\forms\\servicio_form.dart|1164|10|19|The declaration '_buildSeccionEstado' isn't referenced.
WARNING|STATIC_WARNING|UNUSED_ELEMENT|C:\\Users\\ferch\\Documents\\infoapp - copia antigravyti\\lib\\pages\\servicios\\forms\\widgets\\campo_autorizado_por.dart|301|8|18|The declaration '_handleExpandClick' isn't referenced.
WARNING|STATIC_WARNING|UNUSED_ELEMENT|C:\\Users\\ferch\\Documents\\infoapp - copia antigravyti\\lib\\pages\\servicios\\forms\\widgets\\campo_equipo.dart|257|10|19|The declaration '_buildCampoBusqueda' isn't referenced.
WARNING|STATIC_WARNING|UNUSED_ELEMENT|C:\\Users\\ferch\\Documents\\infoapp - copia antigravyti\\lib\\pages\\servicios\\forms\\widgets\\campo_equipo.dart|292|10|24|The declaration '_buildContadorResultados' isn't referenced.
WARNING|STATIC_WARNING|UNUSED_ELEMENT|C:\\Users\\ferch\\Documents\\infoapp - copia antigravyti\\lib\\pages\\servicios\\forms\\widgets\\campo_equipo.dart|320|10|21|The declaration '_buildDropdownEquipos' isn't referenced.
WARNING|STATIC_WARNING|UNUSED_ELEMENT|C:\\Users\\ferch\\Documents\\infoapp - copia antigravyti\\lib\\pages\\servicios\\forms\\widgets\\campo_equipo.dart|366|10|16|The declaration '_buildItemEquipo' isn't referenced.
WARNING|STATIC_WARNING|UNUSED_IMPORT|C:\\Users\\ferch\\Documents\\infoapp - copia antigravyti\\lib\\pages\\servicios\\forms\\widgets\\campos_adicionales.dart|3|8|51|Unused import: 'package:infoapp/core/branding/theme_provider.dart'.
WARNING|STATIC_WARNING|UNUSED_ELEMENT|C:\\Users\\ferch\\Documents\\infoapp - copia antigravyti\\lib\\pages\\servicios\\forms\\widgets\\campos_adicionales.dart|1699|12|20|The declaration '_getIconoTipoArchivo' isn't referenced.
WARNING|STATIC_WARNING|UNUSED_ELEMENT|C:\\Users\\ferch\\Documents\\infoapp - copia antigravyti\\lib\\pages\\servicios\\forms\\widgets\\campos_adicionales.dart|1721|12|18|The declaration '_getIconoTipoCampo' isn't referenced.
WARNING|STATIC_WARNING|DUPLICATE_IMPORT|C:\\Users\\ferch\\Documents\\infoapp - copia antigravyti\\lib\\pages\\servicios\\pages\\servicios_list_page.dart|53|8|48|Duplicate import.
WARNING|STATIC_WARNING|UNUSED_FIELD|C:\\Users\\ferch\\Documents\\infoapp - copia antigravyti\\lib\\pages\\servicios\\pages\\servicios_list_page.dart|89|21|16|The value of the field '_todosLosEstados' isn't used.
WARNING|STATIC_WARNING|UNUSED_ELEMENT|C:\\Users\\ferch\\Documents\\infoapp - copia antigravyti\\lib\\pages\\servicios\\pages\\servicios_list_page.dart|201|16|17|The declaration '_sincronizarAhora' isn't referenced.
WARNING|STATIC_WARNING|UNUSED_LOCAL_VARIABLE|C:\\Users\\ferch\\Documents\\infoapp - copia antigravyti\\lib\\pages\\servicios\\pages\\servicios_list_page.dart|473|18|5|The value of the local variable 'campo' isn't used.
WARNING|STATIC_WARNING|UNREACHABLE_SWITCH_DEFAULT|C:\\Users\\ferch\\Documents\\infoapp - copia antigravyti\\lib\\pages\\servicios\\pages\\servicios_list_page.dart|602|7|7|This default clause is covered by the previous cases.
WARNING|STATIC_WARNING|UNUSED_ELEMENT|C:\\Users\\ferch\\Documents\\infoapp - copia antigravyti\\lib\\pages\\servicios\\pages\\servicios_list_page.dart|633|16|19|The declaration '_descargarPorFechas' isn't referenced.
WARNING|STATIC_WARNING|UNUSED_ELEMENT|C:\\Users\\ferch\\Documents\\infoapp - copia antigravyti\\lib\\pages\\servicios\\pages\\servicios_list_page.dart|897|8|18|The declaration '_esModuloServicios' isn't referenced.
WARNING|STATIC_WARNING|UNUSED_ELEMENT|C:\\Users\\ferch\\Documents\\infoapp - copia antigravyti\\lib\\pages\\servicios\\pages\\servicios_list_page.dart|1699|8|30|The declaration '_mostrarNotificacionTiempoReal' isn't referenced.
WARNING|STATIC_WARNING|UNUSED_ELEMENT|C:\\Users\\ferch\\Documents\\infoapp - copia antigravyti\\lib\\pages\\servicios\\pages\\servicios_list_page.dart|1849|10|24|The declaration '_buildIndicadorWebSocket' isn't referenced.
WARNING|STATIC_WARNING|UNUSED_FIELD|C:\\Users\\ferch\\Documents\\infoapp - copia antigravyti\\lib\\pages\\servicios\\services\\branding_api_service.dart|11|36|8|The value of the field '_headers' isn't used.
WARNING|STATIC_WARNING|UNNECESSARY_CAST|C:\\Users\\ferch\\Documents\\infoapp - copia antigravyti\\lib\\pages\\servicios\\services\\campos_adicionales_api_service.dart|35|56|8|Unnecessary cast.
WARNING|STATIC_WARNING|UNNECESSARY_CAST|C:\\Users\\ferch\\Documents\\infoapp - copia antigravyti\\lib\\pages\\servicios\\services\\campos_adicionales_api_service.dart|36|39|8|Unnecessary cast.
WARNING|STATIC_WARNING|UNNECESSARY_CAST|C:\\Users\\ferch\\Documents\\infoapp - copia antigravyti\\lib\\pages\\servicios\\services\\campos_adicionales_api_service.dart|37|37|8|Unnecessary cast.
WARNING|STATIC_WARNING|UNNECESSARY_CAST|C:\\Users\\ferch\\Documents\\infoapp - copia antigravyti\\lib\\pages\\servicios\\services\\campos_adicionales_api_service.dart|38|40|8|Unnecessary cast.
WARNING|STATIC_WARNING|UNNECESSARY_CAST|C:\\Users\\ferch\\Documents\\infoapp - copia antigravyti\\lib\\pages\\servicios\\services\\campos_adicionales_api_service.dart|39|35|8|Unnecessary cast.
WARNING|STATIC_WARNING|UNNECESSARY_CAST|C:\\Users\\ferch\\Documents\\infoapp - copia antigravyti\\lib\\pages\\servicios\\services\\campos_adicionales_api_service.dart|40|41|8|Unnecessary cast.
WARNING|STATIC_WARNING|UNNECESSARY_CAST|C:\\Users\\ferch\\Documents\\infoapp - copia antigravyti\\lib\\pages\\servicios\\services\\campos_adicionales_api_service.dart|41|33|8|Unnecessary cast.
WARNING|STATIC_WARNING|UNUSED_IMPORT|C:\\Users\\ferch\\Documents\\infoapp - copia antigravyti\\lib\\pages\\servicios\\services\\fotos_service.dart|8|8|49|Unused import: 'package:infoapp/utils/connectivity_service.dart'.
WARNING|STATIC_WARNING|UNUSED_IMPORT|C:\\Users\\ferch\\Documents\\infoapp - copia antigravyti\\lib\\pages\\servicios\\services\\fotos_service.dart|9|8|27|Unused import: 'servicios_sync_queue.dart'.
WARNING|STATIC_WARNING|UNUSED_LOCAL_VARIABLE|C:\\Users\\ferch\\Documents\\infoapp - copia antigravyti\\lib\\pages\\servicios\\services\\fotos_service.dart|64|20|4|The value of the local variable 'foto' isn't used.
WARNING|STATIC_WARNING|UNUSED_IMPORT|C:\\Users\\ferch\\Documents\\infoapp - copia antigravyti\\lib\\pages\\servicios\\services\\servicio_repuestos_api_service.dart|27|8|53|Unused import: '../../inventory/services/inventory_api_service.dart'.
WARNING|STATIC_WARNING|UNUSED_FIELD|C:\\Users\\ferch\\Documents\\infoapp - copia antigravyti\\lib\\pages\\servicios\\services\\servicio_repuestos_api_service.dart|42|36|8|The value of the field '_headers' isn't used.
WARNING|STATIC_WARNING|UNUSED_LOCAL_VARIABLE|C:\\Users\\ferch\\Documents\\infoapp - copia antigravyti\\lib\\pages\\servicios\\services\\servicio_repuestos_api_service.dart|288|17|7|The value of the local variable 'resumen' isn't used.
WARNING|STATIC_WARNING|UNUSED_FIELD|C:\\Users\\ferch\\Documents\\infoapp - copia antigravyti\\lib\\pages\\servicios\\services\\servicios_api_service.dart|185|42|13|The value of the field '_cacheEstados' isn't used.
WARNING|STATIC_WARNING|UNUSED_FIELD|C:\\Users\\ferch\\Documents\\infoapp - copia antigravyti\\lib\\pages\\servicios\\services\\servicios_api_service.dart|186|33|10|The value of the field '_tsEstados' isn't used.
WARNING|STATIC_WARNING|UNUSED_LOCAL_VARIABLE|C:\\Users\\ferch\\Documents\\infoapp - copia antigravyti\\lib\\pages\\servicios\\services\\servicios_api_service.dart|686|20|5|The value of the local variable 'campo' isn't used.
WARNING|STATIC_WARNING|UNUSED_LOCAL_VARIABLE|C:\\Users\\ferch\\Documents\\infoapp - copia antigravyti\\lib\\pages\\servicios\\services\\servicios_api_service.dart|1757|22|5|The value of the local variable 'error' isn't used.
WARNING|STATIC_WARNING|UNUSED_LOCAL_VARIABLE|C:\\Users\\ferch\\Documents\\infoapp - copia antigravyti\\lib\\pages\\servicios\\services\\servicios_api_service.dart|2074|13|5|The value of the local variable 'prefs' isn't used.
WARNING|STATIC_WARNING|UNUSED_LOCAL_VARIABLE|C:\\Users\\ferch\\Documents\\infoapp - copia antigravyti\\lib\\pages\\servicios\\services\\servicios_api_service.dart|2102|13|9|The value of the local variable 'stopwatch' isn't used.
WARNING|STATIC_WARNING|UNUSED_LOCAL_VARIABLE|C:\\Users\\ferch\\Documents\\infoapp - copia antigravyti\\lib\\pages\\servicios\\services\\servicios_api_service.dart|2161|15|6|The value of the local variable 'result' isn't used.
WARNING|STATIC_WARNING|UNUSED_IMPORT|C:\\Users\\ferch\\Documents\\infoapp - copia antigravyti\\lib\\pages\\servicios\\widgets\\actividad_crud_modal.dart|8|8|46|Unused import: '../../inspecciones/models/sistema_model.dart'.
WARNING|STATIC_WARNING|UNUSED_FIELD|C:\\Users\\ferch\\Documents\\infoapp - copia antigravyti\\lib\\pages\\servicios\\widgets\\column_config_modal.dart|58|23|17|The value of the field '_keyOrdenColumnas' isn't used.
WARNING|STATIC_WARNING|UNUSED_LOCAL_VARIABLE|C:\\Users\\ferch\\Documents\\infoapp - copia antigravyti\\lib\\pages\\servicios\\widgets\\column_config_modal.dart|276|13|12|The value of the local variable 'verification' isn't used.
WARNING|STATIC_WARNING|UNUSED_ELEMENT|C:\\Users\\ferch\\Documents\\infoapp - copia antigravyti\\lib\\pages\\servicios\\widgets\\column_config_modal.dart|985|31|27|The declaration 'cargarConfiguracionGuardada' isn't referenced.
WARNING|STATIC_WARNING|UNUSED_IMPORT|C:\\Users\\ferch\\Documents\\infoapp - copia antigravyti\\lib\\pages\\servicios\\widgets\\servicios_filtros_modal.dart|2|8|32|Unused import: 'package:provider/provider.dart'.
WARNING|STATIC_WARNING|UNUSED_IMPORT|C:\\Users\\ferch\\Documents\\infoapp - copia antigravyti\\lib\\pages\\servicios\\widgets\\servicios_filtros_modal.dart|3|8|51|Unused import: 'package:infoapp/core/branding/theme_provider.dart'.
WARNING|STATIC_WARNING|UNUSED_IMPORT|C:\\Users\\ferch\\Documents\\infoapp - copia antigravyti\\lib\\pages\\servicios\\widgets\\servicios_header.dart|3|8|32|Unused import: 'package:provider/provider.dart'.
WARNING|STATIC_WARNING|UNUSED_IMPORT|C:\\Users\\ferch\\Documents\\infoapp - copia antigravyti\\lib\\pages\\servicios\\widgets\\servicios_header.dart|4|8|51|Unused import: 'package:infoapp/core/branding/theme_provider.dart'.
WARNING|STATIC_WARNING|DUPLICATE_IMPORT|C:\\Users\\ferch\\Documents\\infoapp - copia antigravyti\\lib\\pages\\servicios\\widgets\\servicios_tabla.dart|22|8|33|Duplicate import.
WARNING|STATIC_WARNING|UNUSED_IMPORT|C:\\Users\\ferch\\Documents\\infoapp - copia antigravyti\\lib\\pages\\servicios\\widgets\\servicios_tabla.dart|28|8|26|Unused import: 'column_config_modal.dart'.
WARNING|STATIC_WARNING|UNUSED_IMPORT|C:\\Users\\ferch\\Documents\\infoapp - copia antigravyti\\lib\\pages\\servicios\\widgets\\servicios_tabla.dart|29|8|32|Unused import: 'actividad_selector_widget.dart'.
WARNING|STATIC_WARNING|UNUSED_IMPORT|C:\\Users\\ferch\\Documents\\infoapp - copia antigravyti\\lib\\pages\\servicios\\widgets\\servicios_tabla.dart|30|8|38|Unused import: '../services/actividades_service.dart'.
WARNING|STATIC_WARNING|UNUSED_IMPORT|C:\\Users\\ferch\\Documents\\infoapp - copia antigravyti\\lib\\pages\\servicios\\widgets\\servicios_tabla.dart|34|8|43|Unused import: '../services/servicios_export_service.dart'.
WARNING|STATIC_WARNING|UNUSED_IMPORT|C:\\Users\\ferch\\Documents\\infoapp - copia antigravyti\\lib\\pages\\servicios\\widgets\\servicios_tabla.dart|35|8|52|Unused import: 'package:shared_preferences/shared_preferences.dart'.
WARNING|STATIC_WARNING|UNUSED_IMPORT|C:\\Users\\ferch\\Documents\\infoapp - copia antigravyti\\lib\\pages\\servicios\\widgets\\servicios_tabla.dart|36|8|14|Unused import: 'dart:convert'.
WARNING|STATIC_WARNING|UNUSED_FIELD|C:\\Users\\ferch\\Documents\\infoapp - copia antigravyti\\lib\\pages\\servicios\\widgets\\servicios_tabla.dart|114|8|27|The value of the field '_isLoadingCamposAdicionales' isn't used.
WARNING|STATIC_WARNING|UNUSED_FIELD|C:\\Users\\ferch\\Documents\\infoapp - copia antigravyti\\lib\\pages\\servicios\\widgets\\servicios_tabla.dart|121|55|18|The value of the field '_cacheGlobalCampos' isn't used.
WARNING|STATIC_WARNING|UNUSED_FIELD|C:\\Users\\ferch\\Documents\\infoapp - copia antigravyti\\lib\\pages\\servicios\\widgets\\servicios_tabla.dart|122|42|21|The value of the field '_cacheConfiguraciones' isn't used.
WARNING|STATIC_WARNING|UNUSED_FIELD|C:\\Users\\ferch\\Documents\\infoapp - copia antigravyti\\lib\\pages\\servicios\\widgets\\servicios_tabla.dart|123|20|25|The value of the field '_ultimaActualizacionCache' isn't used.
WARNING|STATIC_WARNING|UNUSED_FIELD|C:\\Users\\ferch\\Documents\\infoapp - copia antigravyti\\lib\\pages\\servicios\\widgets\\servicios_tabla.dart|124|25|14|The value of the field '_duracionCache' isn't used.
WARNING|STATIC_WARNING|UNUSED_FIELD|C:\\Users\\ferch\\Documents\\infoapp - copia antigravyti\\lib\\pages\\servicios\\widgets\\servicios_tabla.dart|130|3|22|The value of the field '_cacheValoresServicios' isn't used.
WARNING|STATIC_WARNING|UNUSED_FIELD|C:\\Users\\ferch\\Documents\\infoapp - copia antigravyti\\lib\\pages\\servicios\\widgets\\servicios_tabla.dart|137|23|20|The value of the field '_keyColumnasVisibles' isn't used.
WARNING|STATIC_WARNING|UNUSED_FIELD|C:\\Users\\ferch\\Documents\\infoapp - copia antigravyti\\lib\\pages\\servicios\\widgets\\servicios_tabla.dart|138|23|17|The value of the field '_keyOrdenColumnas' isn't used.
WARNING|STATIC_WARNING|UNUSED_ELEMENT|C:\\Users\\ferch\\Documents\\infoapp - copia antigravyti\\lib\\pages\\servicios\\widgets\\servicios_tabla.dart|147|16|26|The declaration '_calcularAnchosAdaptativos' isn't referenced.
WARNING|STATIC_WARNING|UNUSED_ELEMENT|C:\\Users\\ferch\\Documents\\infoapp - copia antigravyti\\lib\\pages\\servicios\\widgets\\servicios_tabla.dart|183|10|21|The declaration '_buildScrollableTable' isn't referenced.
WARNING|STATIC_WARNING|UNUSED_ELEMENT|C:\\Users\\ferch\\Documents\\infoapp - copia antigravyti\\lib\\pages\\servicios\\widgets\\servicios_tabla.dart|482|16|24|The declaration '_cargarCamposAdicionales' isn't referenced.
WARNING|STATIC_WARNING|UNUSED_ELEMENT|C:\\Users\\ferch\\Documents\\infoapp - copia antigravyti\\lib\\pages\\servicios\\widgets\\servicios_tabla.dart|498|16|28|The declaration '_cargarConfiguracionGuardada' isn't referenced.
WARNING|STATIC_WARNING|UNUSED_LOCAL_VARIABLE|C:\\Users\\ferch\\Documents\\infoapp - copia antigravyti\\lib\\pages\\servicios\\widgets\\servicios_tabla.dart|636|11|10|The value of the local variable 'anchoTotal' isn't used.
WARNING|STATIC_WARNING|UNUSED_ELEMENT|C:\\Users\\ferch\\Documents\\infoapp - copia antigravyti\\lib\\pages\\servicios\\widgets\\servicios_tabla.dart|1036|10|17|The declaration '_getBolitaOpacity' isn't referenced.
WARNING|STATIC_WARNING|UNUSED_ELEMENT|C:\\Users\\ferch\\Documents\\infoapp - copia antigravyti\\lib\\pages\\servicios\\widgets\\servicios_tabla.dart|1339|20|13|The declaration '_buildColumns' isn't referenced.
WARNING|STATIC_WARNING|UNUSED_ELEMENT|C:\\Users\\ferch\\Documents\\infoapp - copia antigravyti\\lib\\pages\\servicios\\widgets\\servicios_tabla.dart|1481|17|10|The declaration '_buildRows' isn't referenced.
WARNING|STATIC_WARNING|UNUSED_ELEMENT|C:\\Users\\ferch\\Documents\\infoapp - copia antigravyti\\lib\\pages\\servicios\\widgets\\servicios_tabla.dart|1979|10|20|The declaration '_getPlaceholderValue' isn't referenced.
WARNING|STATIC_WARNING|UNUSED_ELEMENT|C:\\Users\\ferch\\Documents\\infoapp - copia antigravyti\\lib\\pages\\servicios\\widgets\\servicios_tabla.dart|2521|10|12|The declaration '_getFileName' isn't referenced.
WARNING|STATIC_WARNING|DEAD_NULL_AWARE_EXPRESSION|C:\\Users\\ferch\\Documents\\infoapp - copia antigravyti\\lib\\pages\\servicios\\widgets\\user_picker_modal.dart|63|33|2|The left operand can't be null, so the right operand is never executed.
WARNING|STATIC_WARNING|UNUSED_IMPORT|C:\\Users\\ferch\\Documents\\infoapp - copia antigravyti\\lib\\pages\\servicios\\widgets\\user_selection_modal.dart|3|8|32|Unused import: 'package:provider/provider.dart'.
WARNING|STATIC_WARNING|UNUSED_IMPORT|C:\\Users\\ferch\\Documents\\infoapp - copia antigravyti\\lib\\pages\\servicios\\widgets\\user_selection_modal.dart|7|8|48|Unused import: 'package:phosphor_flutter/phosphor_flutter.dart'.
WARNING|STATIC_WARNING|DEAD_NULL_AWARE_EXPRESSION|C:\\Users\\ferch\\Documents\\infoapp - copia antigravyti\\lib\\pages\\servicios\\widgets\\user_selection_modal.dart|82|33|2|The left operand can't be null, so the right operand is never executed.
WARNING|STATIC_WARNING|DEAD_NULL_AWARE_EXPRESSION|C:\\Users\\ferch\\Documents\\infoapp - copia antigravyti\\lib\\pages\\servicios\\widgets\\user_selection_modal.dart|88|27|2|The left operand can't be null, so the right operand is never executed.
WARNING|STATIC_WARNING|UNUSED_ELEMENT|C:\\Users\\ferch\\Documents\\infoapp - copia antigravyti\\lib\\pages\\servicios\\workflow\\estado_workflow_service.dart|25|20|7|The declaration '_config' isn't referenced.
WARNING|STATIC_WARNING|UNUSED_ELEMENT|C:\\Users\\ferch\\Documents\\infoapp - copia antigravyti\\lib\\pages\\servicios\\workflow\\estado_workflow_service.dart|26|32|4|The declaration '_map' isn't referenced.
WARNING|STATIC_WARNING|UNUSED_ELEMENT|C:\\Users\\ferch\\Documents\\infoapp - copia antigravyti\\lib\\pages\\servicios\\workflow\\estado_workflow_service.dart|27|12|8|The declaration '_loading' isn't referenced.
INFO|LINT|AVOID_PRINT|C:\\Users\\ferch\\Documents\\infoapp - copia antigravyti\\lib\\features\\birthdays\\services\\birthday_service.dart|23|7|5|Don't invoke 'print' in production code.
INFO|HINT|DEPRECATED_MEMBER_USE|C:\\Users\\ferch\\Documents\\infoapp - copia antigravyti\\lib\\features\\birthdays\\widgets\\birthday_dialog.dart|61|39|11|'withOpacity' is deprecated and shouldn't be used. Use .withValues() to avoid precision loss.
INFO|LINT|USE_BUILD_CONTEXT_SYNCHRONOUSLY|C:\\Users\\ferch\\Documents\\infoapp - copia antigravyti\\lib\\pages\\servicios\\forms\\servicio_create_page.dart|353|23|7|Don't use 'BuildContext's across async gaps.
INFO|HINT|DEPRECATED_MEMBER_USE|C:\\Users\\ferch\\Documents\\infoapp - copia antigravyti\\lib\\pages\\servicios\\forms\\servicio_create_page.dart|943|49|11|'withOpacity' is deprecated and shouldn't be used. Use .withValues() to avoid precision loss.
INFO|HINT|DEPRECATED_MEMBER_USE|C:\\Users\\ferch\\Documents\\infoapp - copia antigravyti\\lib\\pages\\servicios\\forms\\servicio_create_page.dart|947|32|11|'withOpacity' is deprecated and shouldn't be used. Use .withValues() to avoid precision loss.
INFO|HINT|DEPRECATED_MEMBER_USE|C:\\Users\\ferch\\Documents\\infoapp - copia antigravyti\\lib\\pages\\servicios\\forms\\servicio_create_page.dart|1045|32|11|'withOpacity' is deprecated and shouldn't be used. Use .withValues() to avoid precision loss.
INFO|HINT|DEPRECATED_MEMBER_USE|C:\\Users\\ferch\\Documents\\infoapp - copia antigravyti\\lib\\pages\\servicios\\forms\\servicio_create_page.dart|1074|54|11|'withOpacity' is deprecated and shouldn't be used. Use .withValues() to avoid precision loss.
INFO|HINT|DEPRECATED_MEMBER_USE|C:\\Users\\ferch\\Documents\\infoapp - copia antigravyti\\lib\\pages\\servicios\\forms\\servicio_detail_page.dart|388|52|11|'withOpacity' is deprecated and shouldn't be used. Use .withValues() to avoid precision loss.
INFO|HINT|DEPRECATED_MEMBER_USE|C:\\Users\\ferch\\Documents\\infoapp - copia antigravyti\\lib\\pages\\servicios\\forms\\servicio_detail_page.dart|578|43|11|'withOpacity' is deprecated and shouldn't be used. Use .withValues() to avoid precision loss.
INFO|HINT|DEPRECATED_MEMBER_USE|C:\\Users\\ferch\\Documents\\infoapp - copia antigravyti\\lib\\pages\\servicios\\forms\\servicio_detail_page.dart|583|45|11|'withOpacity' is deprecated and shouldn't be used. Use .withValues() to avoid precision loss.
INFO|HINT|DEPRECATED_MEMBER_USE|C:\\Users\\ferch\\Documents\\infoapp - copia antigravyti\\lib\\pages\\servicios\\forms\\servicio_detail_page.dart|624|49|11|'withOpacity' is deprecated and shouldn't be used. Use .withValues() to avoid precision loss.
INFO|HINT|DEPRECATED_MEMBER_USE|C:\\Users\\ferch\\Documents\\infoapp - copia antigravyti\\lib\\pages\\servicios\\forms\\servicio_detail_page.dart|627|51|11|'withOpacity' is deprecated and shouldn't be used. Use .withValues() to avoid precision loss.
INFO|LINT|CURLY_BRACES_IN_FLOW_CONTROL_STRUCTURES|C:\\Users\\ferch\\Documents\\infoapp - copia antigravyti\\lib\\pages\\servicios\\forms\\servicio_detail_page.dart|785|11|8|Statements in an if should be enclosed in a block.
INFO|LINT|CURLY_BRACES_IN_FLOW_CONTROL_STRUCTURES|C:\\Users\\ferch\\Documents\\infoapp - copia antigravyti\\lib\\pages\\servicios\\forms\\servicio_detail_page.dart|866|17|19|Statements in an if should be enclosed in a block.
INFO|LINT|CURLY_BRACES_IN_FLOW_CONTROL_STRUCTURES|C:\\Users\\ferch\\Documents\\infoapp - copia antigravyti\\lib\\pages\\servicios\\forms\\servicio_detail_page.dart|876|17|61|Statements in an if should be enclosed in a block.
INFO|LINT|CURLY_BRACES_IN_FLOW_CONTROL_STRUCTURES|C:\\Users\\ferch\\Documents\\infoapp - copia antigravyti\\lib\\pages\\servicios\\forms\\servicio_detail_page.dart|887|15|8|Statements in an if should be enclosed in a block.
INFO|LINT|CURLY_BRACES_IN_FLOW_CONTROL_STRUCTURES|C:\\Users\\ferch\\Documents\\infoapp - copia antigravyti\\lib\\pages\\servicios\\forms\\servicio_detail_page.dart|1003|9|97|Statements in an if should be enclosed in a block.
INFO|HINT|DEPRECATED_MEMBER_USE|C:\\Users\\ferch\\Documents\\infoapp - copia antigravyti\\lib\\pages\\servicios\\forms\\servicio_detail_page.dart|1133|45|11|'withOpacity' is deprecated and shouldn't be used. Use .withValues() to avoid precision loss.
INFO|HINT|DEPRECATED_MEMBER_USE|C:\\Users\\ferch\\Documents\\infoapp - copia antigravyti\\lib\\pages\\servicios\\forms\\servicio_detail_page.dart|1333|48|11|'withOpacity' is deprecated and shouldn't be used. Use .withValues() to avoid precision loss.
INFO|HINT|DEPRECATED_MEMBER_USE|C:\\Users\\ferch\\Documents\\infoapp - copia antigravyti\\lib\\pages\\servicios\\forms\\servicio_detail_page.dart|1341|55|11|'withOpacity' is deprecated and shouldn't be used. Use .withValues() to avoid precision loss.
INFO|HINT|DEPRECATED_MEMBER_USE|C:\\Users\\ferch\\Documents\\infoapp - copia antigravyti\\lib\\pages\\servicios\\forms\\servicio_detail_page.dart|1352|35|11|'withOpacity' is deprecated and shouldn't be used. Use .withValues() to avoid precision loss.
INFO|HINT|DEPRECATED_MEMBER_USE|C:\\Users\\ferch\\Documents\\infoapp - copia antigravyti\\lib\\pages\\servicios\\forms\\servicio_detail_page.dart|1381|41|11|'withOpacity' is deprecated and shouldn't be used. Use .withValues() to avoid precision loss.
INFO|HINT|DEPRECATED_MEMBER_USE|C:\\Users\\ferch\\Documents\\infoapp - copia antigravyti\\lib\\pages\\servicios\\forms\\servicio_detail_page.dart|1400|41|11|'withOpacity' is deprecated and shouldn't be used. Use .withValues() to avoid precision loss.
INFO|HINT|DEPRECATED_MEMBER_USE|C:\\Users\\ferch\\Documents\\infoapp - copia antigravyti\\lib\\pages\\servicios\\forms\\servicio_detail_page.dart|1410|60|11|'withOpacity' is deprecated and shouldn't be used. Use .withValues() to avoid precision loss.
INFO|HINT|DEPRECATED_MEMBER_USE|C:\\Users\\ferch\\Documents\\infoapp - copia antigravyti\\lib\\pages\\servicios\\forms\\servicio_detail_page.dart|1413|62|11|'withOpacity' is deprecated and shouldn't be used. Use .withValues() to avoid precision loss.
INFO|HINT|DEPRECATED_MEMBER_USE|C:\\Users\\ferch\\Documents\\infoapp - copia antigravyti\\lib\\pages\\servicios\\forms\\servicio_detail_page.dart|1504|43|11|'withOpacity' is deprecated and shouldn't be used. Use .withValues() to avoid precision loss.
INFO|HINT|DEPRECATED_MEMBER_USE|C:\\Users\\ferch\\Documents\\infoapp - copia antigravyti\\lib\\pages\\servicios\\forms\\servicio_detail_page.dart|1506|62|11|'withOpacity' is deprecated and shouldn't be used. Use .withValues() to avoid precision loss.
INFO|HINT|DEPRECATED_MEMBER_USE|C:\\Users\\ferch\\Documents\\infoapp - copia antigravyti\\lib\\pages\\servicios\\forms\\servicio_detail_page.dart|1535|55|11|'withOpacity' is deprecated and shouldn't be used. Use .withValues() to avoid precision loss.
INFO|HINT|DEPRECATED_MEMBER_USE|C:\\Users\\ferch\\Documents\\infoapp - copia antigravyti\\lib\\pages\\servicios\\forms\\servicio_detail_page.dart|1538|57|11|'withOpacity' is deprecated and shouldn't be used. Use .withValues() to avoid precision loss.
INFO|HINT|DEPRECATED_MEMBER_USE|C:\\Users\\ferch\\Documents\\infoapp - copia antigravyti\\lib\\pages\\servicios\\forms\\servicio_detail_page.dart|1716|64|11|'withOpacity' is deprecated and shouldn't be used. Use .withValues() to avoid precision loss.
INFO|HINT|DEPRECATED_MEMBER_USE|C:\\Users\\ferch\\Documents\\infoapp - copia antigravyti\\lib\\pages\\servicios\\forms\\servicio_detail_page.dart|1978|46|11|'withOpacity' is deprecated and shouldn't be used. Use .withValues() to avoid precision loss.
INFO|HINT|DEPRECATED_MEMBER_USE|C:\\Users\\ferch\\Documents\\infoapp - copia antigravyti\\lib\\pages\\servicios\\forms\\servicio_detail_page.dart|1986|42|11|'withOpacity' is deprecated and shouldn't be used. Use .withValues() to avoid precision loss.
INFO|LINT|USE_BUILD_CONTEXT_SYNCHRONOUSLY|C:\\Users\\ferch\\Documents\\infoapp - copia antigravyti\\lib\\pages\\servicios\\forms\\servicio_edit_page.dart|581|25|7|Don't use 'BuildContext's across async gaps, guarded by an unrelated 'mounted' check.
INFO|LINT|USE_BUILD_CONTEXT_SYNCHRONOUSLY|C:\\Users\\ferch\\Documents\\infoapp - copia antigravyti\\lib\\pages\\servicios\\forms\\servicio_edit_page.dart|600|25|7|Don't use 'BuildContext's across async gaps, guarded by an unrelated 'mounted' check.
INFO|LINT|USE_BUILD_CONTEXT_SYNCHRONOUSLY|C:\\Users\\ferch\\Documents\\infoapp - copia antigravyti\\lib\\pages\\servicios\\forms\\servicio_edit_page.dart|930|25|7|Don't use 'BuildContext's across async gaps, guarded by an unrelated 'mounted' check.
INFO|LINT|AVOID_PRINT|C:\\Users\\ferch\\Documents\\infoapp - copia antigravyti\\lib\\pages\\servicios\\forms\\servicio_edit_page.dart|2570|29|5|Don't invoke 'print' in production code.
INFO|LINT|AVOID_PRINT|C:\\Users\\ferch\\Documents\\infoapp - copia antigravyti\\lib\\pages\\servicios\\forms\\servicio_edit_page.dart|2574|31|5|Don't invoke 'print' in production code.
INFO|LINT|AVOID_PRINT|C:\\Users\\ferch\\Documents\\infoapp - copia antigravyti\\lib\\pages\\servicios\\forms\\servicio_edit_page.dart|2581|31|5|Don't invoke 'print' in production code.
INFO|LINT|AVOID_PRINT|C:\\Users\\ferch\\Documents\\infoapp - copia antigravyti\\lib\\pages\\servicios\\forms\\servicio_edit_page.dart|2585|29|5|Don't invoke 'print' in production code.
INFO|LINT|AVOID_PRINT|C:\\Users\\ferch\\Documents\\infoapp - copia antigravyti\\lib\\pages\\servicios\\forms\\servicio_edit_page.dart|2589|33|5|Don't invoke 'print' in production code.
INFO|LINT|AVOID_PRINT|C:\\Users\\ferch\\Documents\\infoapp - copia antigravyti\\lib\\pages\\servicios\\forms\\servicio_edit_page.dart|2592|31|5|Don't invoke 'print' in production code.
INFO|HINT|UNNECESSARY_IMPORT|C:\\Users\\ferch\\Documents\\infoapp - copia antigravyti\\lib\\pages\\servicios\\forms\\servicio_form.dart|17|8|31|The import of 'package:flutter/services.dart' is unnecessary because all of the used elements are also provided by the import of 'package:flutter/material.dart'.
INFO|HINT|DEPRECATED_MEMBER_USE|C:\\Users\\ferch\\Documents\\infoapp - copia antigravyti\\lib\\pages\\servicios\\forms\\servicio_form.dart|473|33|10|'groupValue' is deprecated and shouldn't be used. Use a RadioGroup ancestor to manage group value instead. This feature was deprecated after v3.32.0-0.0.pre.
INFO|HINT|DEPRECATED_MEMBER_USE|C:\\Users\\ferch\\Documents\\infoapp - copia antigravyti\\lib\\pages\\servicios\\forms\\servicio_form.dart|474|33|9|'onChanged' is deprecated and shouldn't be used. Use RadioGroup to handle value change instead. This feature was deprecated after v3.32.0-0.0.pre.
INFO|LINT|USE_BUILD_CONTEXT_SYNCHRONOUSLY|C:\\Users\\ferch\\Documents\\infoapp - copia antigravyti\\lib\\pages\\servicios\\forms\\servicio_form.dart|564|11|16|Don't use 'BuildContext's across async gaps.
INFO|LINT|USE_BUILD_CONTEXT_SYNCHRONOUSLY|C:\\Users\\ferch\\Documents\\infoapp - copia antigravyti\\lib\\pages\\servicios\\forms\\servicio_form.dart|593|13|7|Don't use 'BuildContext's across async gaps.
INFO|LINT|USE_BUILD_CONTEXT_SYNCHRONOUSLY|C:\\Users\\ferch\\Documents\\infoapp - copia antigravyti\\lib\\pages\\servicios\\forms\\servicio_form.dart|635|9|16|Don't use 'BuildContext's across async gaps.
INFO|LINT|USE_BUILD_CONTEXT_SYNCHRONOUSLY|C:\\Users\\ferch\\Documents\\infoapp - copia antigravyti\\lib\\pages\\servicios\\forms\\servicio_form.dart|712|30|7|Don't use 'BuildContext's across async gaps.
INFO|HINT|DEPRECATED_MEMBER_USE|C:\\Users\\ferch\\Documents\\infoapp - copia antigravyti\\lib\\pages\\servicios\\forms\\servicio_form.dart|1171|52|11|'withOpacity' is deprecated and shouldn't be used. Use .withValues() to avoid precision loss.
INFO|HINT|DEPRECATED_MEMBER_USE|C:\\Users\\ferch\\Documents\\infoapp - copia antigravyti\\lib\\pages\\servicios\\forms\\servicio_form.dart|1175|32|11|'withOpacity' is deprecated and shouldn't be used. Use .withValues() to avoid precision loss.
INFO|HINT|DEPRECATED_MEMBER_USE|C:\\Users\\ferch\\Documents\\infoapp - copia antigravyti\\lib\\pages\\servicios\\forms\\servicio_form.dart|1209|56|11|'withOpacity' is deprecated and shouldn't be used. Use .withValues() to avoid precision loss.
INFO|HINT|DEPRECATED_MEMBER_USE|C:\\Users\\ferch\\Documents\\infoapp - copia antigravyti\\lib\\pages\\servicios\\forms\\servicio_form.dart|1212|58|11|'withOpacity' is deprecated and shouldn't be used. Use .withValues() to avoid precision loss.
INFO|HINT|DEPRECATED_MEMBER_USE|C:\\Users\\ferch\\Documents\\infoapp - copia antigravyti\\lib\\pages\\servicios\\forms\\servicio_form.dart|1296|61|11|'withOpacity' is deprecated and shouldn't be used. Use .withValues() to avoid precision loss.
INFO|HINT|DEPRECATED_MEMBER_USE|C:\\Users\\ferch\\Documents\\infoapp - copia antigravyti\\lib\\pages\\servicios\\forms\\servicio_form.dart|1299|63|11|'withOpacity' is deprecated and shouldn't be used. Use .withValues() to avoid precision loss.
INFO|HINT|DEPRECATED_MEMBER_USE|C:\\Users\\ferch\\Documents\\infoapp - copia antigravyti\\lib\\pages\\servicios\\forms\\servicio_form.dart|1336|45|11|'withOpacity' is deprecated and shouldn't be used. Use .withValues() to avoid precision loss.
INFO|HINT|DEPRECATED_MEMBER_USE|C:\\Users\\ferch\\Documents\\infoapp - copia antigravyti\\lib\\pages\\servicios\\forms\\servicio_form.dart|1338|64|11|'withOpacity' is deprecated and shouldn't be used. Use .withValues() to avoid precision loss.
INFO|LINT|AVOID_PRINT|C:\\Users\\ferch\\Documents\\infoapp - copia antigravyti\\lib\\pages\\servicios\\forms\\servicio_form.dart|1864|20|5|Don't invoke 'print' in production code.
INFO|LINT|AVOID_PRINT|C:\\Users\\ferch\\Documents\\infoapp - copia antigravyti\\lib\\pages\\servicios\\forms\\servicio_form.dart|1865|20|5|Don't invoke 'print' in production code.
INFO|LINT|AVOID_PRINT|C:\\Users\\ferch\\Documents\\infoapp - copia antigravyti\\lib\\pages\\servicios\\forms\\servicio_form.dart|1881|15|5|Don't invoke 'print' in production code.
INFO|HINT|DEPRECATED_MEMBER_USE|C:\\Users\\ferch\\Documents\\infoapp - copia antigravyti\\lib\\pages\\servicios\\forms\\widgets\\campo_centro_costo.dart|398|26|11|'withOpacity' is deprecated and shouldn't be used. Use .withValues() to avoid precision loss.
INFO|HINT|DEPRECATED_MEMBER_USE|C:\\Users\\ferch\\Documents\\infoapp - copia antigravyti\\lib\\pages\\servicios\\forms\\widgets\\campo_numero_servicio.dart|29|53|11|'withOpacity' is deprecated and shouldn't be used. Use .withValues() to avoid precision loss.
INFO|HINT|DEPRECATED_MEMBER_USE|C:\\Users\\ferch\\Documents\\infoapp - copia antigravyti\\lib\\pages\\servicios\\forms\\widgets\\campo_numero_servicio.dart|31|72|11|'withOpacity' is deprecated and shouldn't be used. Use .withValues() to avoid precision loss.
INFO|HINT|DEPRECATED_MEMBER_USE|C:\\Users\\ferch\\Documents\\infoapp - copia antigravyti\\lib\\pages\\servicios\\forms\\widgets\\campo_numero_servicio.dart|95|65|11|'withOpacity' is deprecated and shouldn't be used. Use .withValues() to avoid precision loss.
INFO|HINT|DEPRECATED_MEMBER_USE|C:\\Users\\ferch\\Documents\\infoapp - copia antigravyti\\lib\\pages\\servicios\\forms\\widgets\\campo_numero_servicio.dart|140|62|11|'withOpacity' is deprecated and shouldn't be used. Use .withValues() to avoid precision loss.
INFO|HINT|DEPRECATED_MEMBER_USE|C:\\Users\\ferch\\Documents\\infoapp - copia antigravyti\\lib\\pages\\servicios\\forms\\widgets\\campo_tipo_mantenimiento.dart|455|65|11|'withOpacity' is deprecated and shouldn't be used. Use .withValues() to avoid precision loss.
INFO|HINT|DEPRECATED_MEMBER_USE|C:\\Users\\ferch\\Documents\\infoapp - copia antigravyti\\lib\\pages\\servicios\\forms\\widgets\\campo_tipo_mantenimiento.dart|518|47|11|'withOpacity' is deprecated and shouldn't be used. Use .withValues() to avoid precision loss.
INFO|HINT|DEPRECATED_MEMBER_USE|C:\\Users\\ferch\\Documents\\infoapp - copia antigravyti\\lib\\pages\\servicios\\forms\\widgets\\campo_tipo_mantenimiento.dart|520|66|11|'withOpacity' is deprecated and shouldn't be used. Use .withValues() to avoid precision loss.
INFO|LINT|NON_CONSTANT_IDENTIFIER_NAMES|C:\\Users\\ferch\\Documents\\infoapp - copia antigravyti\\lib\\pages\\servicios\\forms\\widgets\\campos_adicionales.dart|524|16|27|The variable name '_seleccionarFechaHora_fecha' isn't a lowerCamelCase identifier.
INFO|LINT|NON_CONSTANT_IDENTIFIER_NAMES|C:\\Users\\ferch\\Documents\\infoapp - copia antigravyti\\lib\\pages\\servicios\\forms\\widgets\\campos_adicionales.dart|547|16|26|The variable name '_seleccionarFechaHora_hora' isn't a lowerCamelCase identifier.
INFO|LINT|USE_BUILD_CONTEXT_SYNCHRONOUSLY|C:\\Users\\ferch\\Documents\\infoapp - copia antigravyti\\lib\\pages\\servicios\\forms\\widgets\\campos_adicionales.dart|1121|30|7|Don't use 'BuildContext's across async gaps.
INFO|HINT|DEPRECATED_MEMBER_USE|C:\\Users\\ferch\\Documents\\infoapp - copia antigravyti\\lib\\pages\\servicios\\forms\\widgets\\campos_adicionales.dart|1797|47|11|'withOpacity' is deprecated and shouldn't be used. Use .withValues() to avoid precision loss.
INFO|HINT|DEPRECATED_MEMBER_USE|C:\\Users\\ferch\\Documents\\infoapp - copia antigravyti\\lib\\pages\\servicios\\forms\\widgets\\campos_adicionales.dart|1800|49|11|'withOpacity' is deprecated and shouldn't be used. Use .withValues() to avoid precision loss.
INFO|HINT|DEPRECATED_MEMBER_USE|C:\\Users\\ferch\\Documents\\infoapp - copia antigravyti\\lib\\pages\\servicios\\forms\\widgets\\campos_adicionales.dart|1837|47|11|'withOpacity' is deprecated and shouldn't be used. Use .withValues() to avoid precision loss.
INFO|HINT|DEPRECATED_MEMBER_USE|C:\\Users\\ferch\\Documents\\infoapp - copia antigravyti\\lib\\pages\\servicios\\forms\\widgets\\campos_adicionales.dart|1849|41|11|'withOpacity' is deprecated and shouldn't be used. Use .withValues() to avoid precision loss.
INFO|HINT|DEPRECATED_MEMBER_USE|C:\\Users\\ferch\\Documents\\infoapp - copia antigravyti\\lib\\pages\\servicios\\forms\\widgets\\fotos_servicio_widget.dart|103|59|11|'withOpacity' is deprecated and shouldn't be used. Use .withValues() to avoid precision loss.
INFO|HINT|DEPRECATED_MEMBER_USE|C:\\Users\\ferch\\Documents\\infoapp - copia antigravyti\\lib\\pages\\servicios\\forms\\widgets\\fotos_servicio_widget.dart|105|78|11|'withOpacity' is deprecated and shouldn't be used. Use .withValues() to avoid precision loss.
INFO|HINT|DEPRECATED_MEMBER_USE|C:\\Users\\ferch\\Documents\\infoapp - copia antigravyti\\lib\\pages\\servicios\\forms\\widgets\\fotos_servicio_widget.dart|642|49|11|'withOpacity' is deprecated and shouldn't be used. Use .withValues() to avoid precision loss.
INFO|HINT|DEPRECATED_MEMBER_USE|C:\\Users\\ferch\\Documents\\infoapp - copia antigravyti\\lib\\pages\\servicios\\forms\\widgets\\fotos_servicio_widget.dart|646|32|11|'withOpacity' is deprecated and shouldn't be used. Use .withValues() to avoid precision loss.
INFO|HINT|DEPRECATED_MEMBER_USE|C:\\Users\\ferch\\Documents\\infoapp - copia antigravyti\\lib\\pages\\servicios\\forms\\widgets\\fotos_servicio_widget.dart|663|50|11|'withOpacity' is deprecated and shouldn't be used. Use .withValues() to avoid precision loss.
INFO|HINT|DEPRECATED_MEMBER_USE|C:\\Users\\ferch\\Documents\\infoapp - copia antigravyti\\lib\\pages\\servicios\\forms\\widgets\\fotos_servicio_widget.dart|691|47|11|'withOpacity' is deprecated and shouldn't be used. Use .withValues() to avoid precision loss.
INFO|HINT|DEPRECATED_MEMBER_USE|C:\\Users\\ferch\\Documents\\infoapp - copia antigravyti\\lib\\pages\\servicios\\forms\\widgets\\fotos_servicio_widget.dart|707|45|11|'withOpacity' is deprecated and shouldn't be used. Use .withValues() to avoid precision loss.
INFO|HINT|DEPRECATED_MEMBER_USE|C:\\Users\\ferch\\Documents\\infoapp - copia antigravyti\\lib\\pages\\servicios\\forms\\widgets\\fotos_servicio_widget.dart|797|63|11|'withOpacity' is deprecated and shouldn't be used. Use .withValues() to avoid precision loss.
INFO|HINT|DEPRECATED_MEMBER_USE|C:\\Users\\ferch\\Documents\\infoapp - copia antigravyti\\lib\\pages\\servicios\\forms\\widgets\\fotos_servicio_widget.dart|799|82|11|'withOpacity' is deprecated and shouldn't be used. Use .withValues() to avoid precision loss.
INFO|HINT|DEPRECATED_MEMBER_USE|C:\\Users\\ferch\\Documents\\infoapp - copia antigravyti\\lib\\pages\\servicios\\forms\\widgets\\fotos_servicio_widget.dart|867|30|11|'withOpacity' is deprecated and shouldn't be used. Use .withValues() to avoid precision loss.
INFO|HINT|DEPRECATED_MEMBER_USE|C:\\Users\\ferch\\Documents\\infoapp - copia antigravyti\\lib\\pages\\servicios\\forms\\widgets\\fotos_servicio_widget.dart|869|49|11|'withOpacity' is deprecated and shouldn't be used. Use .withValues() to avoid precision loss.
INFO|HINT|DEPRECATED_MEMBER_USE|C:\\Users\\ferch\\Documents\\infoapp - copia antigravyti\\lib\\pages\\servicios\\forms\\widgets\\fotos_servicio_widget.dart|950|35|11|'withOpacity' is deprecated and shouldn't be used. Use .withValues() to avoid precision loss.
INFO|HINT|DEPRECATED_MEMBER_USE|C:\\Users\\ferch\\Documents\\infoapp - copia antigravyti\\lib\\pages\\servicios\\forms\\widgets\\fotos_servicio_widget.dart|1092|38|11|'withOpacity' is deprecated and shouldn't be used. Use .withValues() to avoid precision loss.
INFO|HINT|DEPRECATED_MEMBER_USE|C:\\Users\\ferch\\Documents\\infoapp - copia antigravyti\\lib\\pages\\servicios\\forms\\widgets\\fotos_servicio_widget.dart|1116|41|11|'withOpacity' is deprecated and shouldn't be used. Use .withValues() to avoid precision loss.
INFO|LINT|USE_BUILD_CONTEXT_SYNCHRONOUSLY|C:\\Users\\ferch\\Documents\\infoapp - copia antigravyti\\lib\\pages\\servicios\\forms\\widgets\\funcionarios_crud_modal.dart|429|25|7|Don't use 'BuildContext's across async gaps.
INFO|LINT|USE_BUILD_CONTEXT_SYNCHRONOUSLY|C:\\Users\\ferch\\Documents\\infoapp - copia antigravyti\\lib\\pages\\servicios\\forms\\widgets\\funcionarios_crud_modal.dart|450|25|7|Don't use 'BuildContext's across async gaps.
INFO|HINT|DEPRECATED_MEMBER_USE|C:\\Users\\ferch\\Documents\\infoapp - copia antigravyti\\lib\\pages\\servicios\\forms\\widgets\\funcionarios_crud_modal.dart|641|83|11|'withOpacity' is deprecated and shouldn't be used. Use .withValues() to avoid precision loss.
INFO|LINT|DANGLING_LIBRARY_DOC_COMMENTS|C:\\Users\\ferch\\Documents\\infoapp - copia antigravyti\\lib\\pages\\servicios\\models\\estado_base_enum.dart|1|1|274|Dangling library doc comment.
INFO|LINT|DANGLING_LIBRARY_DOC_COMMENTS|C:\\Users\\ferch\\Documents\\infoapp - copia antigravyti\\lib\\pages\\servicios\\pages\\servicios_list_page.dart|1|1|80|Dangling library doc comment.
INFO|LINT|USE_BUILD_CONTEXT_SYNCHRONOUSLY|C:\\Users\\ferch\\Documents\\infoapp - copia antigravyti\\lib\\pages\\servicios\\pages\\servicios_list_page.dart|1391|7|7|Don't use 'BuildContext's across async gaps.
INFO|HINT|DEPRECATED_MEMBER_USE|C:\\Users\\ferch\\Documents\\infoapp - copia antigravyti\\lib\\pages\\servicios\\pages\\servicios_list_page.dart|1834|40|11|'withOpacity' is deprecated and shouldn't be used. Use .withValues() to avoid precision loss.
INFO|LINT|CURLY_BRACES_IN_FLOW_CONTROL_STRUCTURES|C:\\Users\\ferch\\Documents\\infoapp - copia antigravyti\\lib\\pages\\servicios\\services\\actividades_api_service.dart|258|51|8|Statements in an if should be enclosed in a block.
INFO|LINT|DANGLING_LIBRARY_DOC_COMMENTS|C:\\Users\\ferch\\Documents\\infoapp - copia antigravyti\\lib\\pages\\servicios\\services\\servicios_api_service.dart|1|1|45|Dangling library doc comment.
INFO|LINT|NO_LEADING_UNDERSCORES_FOR_LOCAL_IDENTIFIERS|C:\\Users\\ferch\\Documents\\infoapp - copia antigravyti\\lib\\pages\\servicios\\services\\servicios_api_service.dart|1851|22|11|The local variable '_ttlEquipos' starts with an underscore.
INFO|HINT|DEPRECATED_MEMBER_USE|C:\\Users\\ferch\\Documents\\infoapp - copia antigravyti\\lib\\pages\\servicios\\services\\servicios_export_service.dart|276|15|22|'Table.fromTextArray' is deprecated and shouldn't be used. Use TableHelper.fromTextArray() instead.
INFO|LINT|DANGLING_LIBRARY_DOC_COMMENTS|C:\\Users\\ferch\\Documents\\infoapp - copia antigravyti\\lib\\pages\\servicios\\validators\\transicion_validator.dart|1|1|80|Dangling library doc comment.
INFO|HINT|DEPRECATED_MEMBER_USE|C:\\Users\\ferch\\Documents\\infoapp - copia antigravyti\\lib\\pages\\servicios\\widgets\\actividad_crud_modal.dart|124|21|5|'value' is deprecated and shouldn't be used. Use initialValue instead. This will set the initial value for the form field. This feature was deprecated after v3.33.0-1.0.pre.
INFO|HINT|DEPRECATED_MEMBER_USE|C:\\Users\\ferch\\Documents\\infoapp - copia antigravyti\\lib\\pages\\servicios\\widgets\\actividad_import_modal.dart|77|55|11|'withOpacity' is deprecated and shouldn't be used. Use .withValues() to avoid precision loss.
INFO|LINT|USE_BUILD_CONTEXT_SYNCHRONOUSLY|C:\\Users\\ferch\\Documents\\infoapp - copia antigravyti\\lib\\pages\\servicios\\widgets\\actividad_import_modal.dart|209|17|7|Don't use 'BuildContext's across async gaps.
INFO|LINT|USE_BUILD_CONTEXT_SYNCHRONOUSLY|C:\\Users\\ferch\\Documents\\infoapp - copia antigravyti\\lib\\pages\\servicios\\widgets\\actividad_import_modal.dart|213|11|7|Don't use 'BuildContext's across async gaps.
INFO|LINT|UNNECESSARY_UNDERSCORES|C:\\Users\\ferch\\Documents\\infoapp - copia antigravyti\\lib\\pages\\servicios\\widgets\\actividad_import_modal.dart|289|41|2|Unnecessary use of multiple underscores.
INFO|LINT|USE_BUILD_CONTEXT_SYNCHRONOUSLY|C:\\Users\\ferch\\Documents\\infoapp - copia antigravyti\\lib\\pages\\servicios\\widgets\\actividad_import_modal.dart|362|41|7|Don't use 'BuildContext's across async gaps.
INFO|HINT|DEPRECATED_MEMBER_USE|C:\\Users\\ferch\\Documents\\infoapp - copia antigravyti\\lib\\pages\\servicios\\widgets\\actividad_import_modal.dart|436|61|11|'withOpacity' is deprecated and shouldn't be used. Use .withValues() to avoid precision loss.
INFO|HINT|DEPRECATED_MEMBER_USE|C:\\Users\\ferch\\Documents\\infoapp - copia antigravyti\\lib\\pages\\servicios\\widgets\\actividad_import_modal.dart|598|51|11|'withOpacity' is deprecated and shouldn't be used. Use .withValues() to avoid precision loss.
INFO|HINT|DEPRECATED_MEMBER_USE|C:\\Users\\ferch\\Documents\\infoapp - copia antigravyti\\lib\\pages\\servicios\\widgets\\actividad_import_modal.dart|635|47|11|'withOpacity' is deprecated and shouldn't be used. Use .withValues() to avoid precision loss.
INFO|HINT|DEPRECATED_MEMBER_USE|C:\\Users\\ferch\\Documents\\infoapp - copia antigravyti\\lib\\pages\\servicios\\widgets\\actividad_import_modal.dart|637|66|11|'withOpacity' is deprecated and shouldn't be used. Use .withValues() to avoid precision loss.
INFO|LINT|USE_BUILD_CONTEXT_SYNCHRONOUSLY|C:\\Users\\ferch\\Documents\\infoapp - copia antigravyti\\lib\\pages\\servicios\\widgets\\actividad_import_modal.dart|872|28|7|Don't use 'BuildContext's across async gaps.
INFO|HINT|DEPRECATED_MEMBER_USE|C:\\Users\\ferch\\Documents\\infoapp - copia antigravyti\\lib\\pages\\servicios\\widgets\\actividad_selector_widget.dart|141|65|11|'withOpacity' is deprecated and shouldn't be used. Use .withValues() to avoid precision loss.
INFO|HINT|DEPRECATED_MEMBER_USE|C:\\Users\\ferch\\Documents\\infoapp - copia antigravyti\\lib\\pages\\servicios\\widgets\\actividad_selector_widget.dart|167|46|11|'withOpacity' is deprecated and shouldn't be used. Use .withValues() to avoid precision loss.
INFO|HINT|DEPRECATED_MEMBER_USE|C:\\Users\\ferch\\Documents\\infoapp - copia antigravyti\\lib\\pages\\servicios\\widgets\\actividad_selector_widget.dart|193|46|11|'withOpacity' is deprecated and shouldn't be used. Use .withValues() to avoid precision loss.
INFO|HINT|DEPRECATED_MEMBER_USE|C:\\Users\\ferch\\Documents\\infoapp - copia antigravyti\\lib\\pages\\servicios\\widgets\\column_config_modal.dart|421|35|11|'withOpacity' is deprecated and shouldn't be used. Use .withValues() to avoid precision loss.
INFO|HINT|DEPRECATED_MEMBER_USE|C:\\Users\\ferch\\Documents\\infoapp - copia antigravyti\\lib\\pages\\servicios\\widgets\\column_config_modal.dart|444|41|11|'withOpacity' is deprecated and shouldn't be used. Use .withValues() to avoid precision loss.
INFO|HINT|DEPRECATED_MEMBER_USE|C:\\Users\\ferch\\Documents\\infoapp - copia antigravyti\\lib\\pages\\servicios\\widgets\\column_config_modal.dart|561|47|11|'withOpacity' is deprecated and shouldn't be used. Use .withValues() to avoid precision loss.
INFO|HINT|DEPRECATED_MEMBER_USE|C:\\Users\\ferch\\Documents\\infoapp - copia antigravyti\\lib\\pages\\servicios\\widgets\\column_config_modal.dart|564|49|11|'withOpacity' is deprecated and shouldn't be used. Use .withValues() to avoid precision loss.
INFO|HINT|DEPRECATED_MEMBER_USE|C:\\Users\\ferch\\Documents\\infoapp - copia antigravyti\\lib\\pages\\servicios\\widgets\\column_config_modal.dart|624|22|11|'withOpacity' is deprecated and shouldn't be used. Use .withValues() to avoid precision loss.
INFO|HINT|DEPRECATED_MEMBER_USE|C:\\Users\\ferch\\Documents\\infoapp - copia antigravyti\\lib\\pages\\servicios\\widgets\\column_config_modal.dart|626|41|11|'withOpacity' is deprecated and shouldn't be used. Use .withValues() to avoid precision loss.
INFO|HINT|DEPRECATED_MEMBER_USE|C:\\Users\\ferch\\Documents\\infoapp - copia antigravyti\\lib\\pages\\servicios\\widgets\\column_config_modal.dart|667|30|11|'withOpacity' is deprecated and shouldn't be used. Use .withValues() to avoid precision loss.
INFO|HINT|DEPRECATED_MEMBER_USE|C:\\Users\\ferch\\Documents\\infoapp - copia antigravyti\\lib\\pages\\servicios\\widgets\\column_config_modal.dart|722|52|11|'withOpacity' is deprecated and shouldn't be used. Use .withValues() to avoid precision loss.
INFO|HINT|DEPRECATED_MEMBER_USE|C:\\Users\\ferch\\Documents\\infoapp - copia antigravyti\\lib\\pages\\servicios\\widgets\\column_config_modal.dart|727|32|11|'withOpacity' is deprecated and shouldn't be used. Use .withValues() to avoid precision loss.
INFO|HINT|DEPRECATED_MEMBER_USE|C:\\Users\\ferch\\Documents\\infoapp - copia antigravyti\\lib\\pages\\servicios\\widgets\\column_config_modal.dart|760|29|11|'withOpacity' is deprecated and shouldn't be used. Use .withValues() to avoid precision loss.
INFO|HINT|DEPRECATED_MEMBER_USE|C:\\Users\\ferch\\Documents\\infoapp - copia antigravyti\\lib\\pages\\servicios\\widgets\\column_config_modal.dart|761|60|11|'withOpacity' is deprecated and shouldn't be used. Use .withValues() to avoid precision loss.
INFO|LINT|EMPTY_CATCHES|C:\\Users\\ferch\\Documents\\infoapp - copia antigravyti\\lib\\pages\\servicios\\widgets\\column_config_modal.dart|993|17|7|Empty catch block.
INFO|LINT|USE_BUILD_CONTEXT_SYNCHRONOUSLY|C:\\Users\\ferch\\Documents\\infoapp - copia antigravyti\\lib\\pages\\servicios\\widgets\\inventory_selection_modal.dart|623|11|16|Don't use 'BuildContext's across async gaps.
INFO|LINT|USE_BUILD_CONTEXT_SYNCHRONOUSLY|C:\\Users\\ferch\\Documents\\infoapp - copia antigravyti\\lib\\pages\\servicios\\widgets\\inventory_selection_modal.dart|633|9|16|Don't use 'BuildContext's across async gaps.
INFO|HINT|DEPRECATED_MEMBER_USE|C:\\Users\\ferch\\Documents\\infoapp - copia antigravyti\\lib\\pages\\servicios\\widgets\\inventory_selection_modal.dart|924|58|11|'withOpacity' is deprecated and shouldn't be used. Use .withValues() to avoid precision loss.
INFO|HINT|DEPRECATED_MEMBER_USE|C:\\Users\\ferch\\Documents\\infoapp - copia antigravyti\\lib\\pages\\servicios\\widgets\\inventory_selection_modal.dart|1199|49|11|'withOpacity' is deprecated and shouldn't be used. Use .withValues() to avoid precision loss.
INFO|HINT|DEPRECATED_MEMBER_USE|C:\\Users\\ferch\\Documents\\infoapp - copia antigravyti\\lib\\pages\\servicios\\widgets\\inventory_selection_modal.dart|1241|61|11|'withOpacity' is deprecated and shouldn't be used. Use .withValues() to avoid precision loss.
INFO|HINT|DEPRECATED_MEMBER_USE|C:\\Users\\ferch\\Documents\\infoapp - copia antigravyti\\lib\\pages\\servicios\\widgets\\inventory_selection_modal.dart|1423|43|11|'withOpacity' is deprecated and shouldn't be used. Use .withValues() to avoid precision loss.
INFO|LINT|USE_SUPER_PARAMETERS|C:\\Users\\ferch\\Documents\\infoapp - copia antigravyti\\lib\\pages\\servicios\\widgets\\notas_modal.dart|12|9|10|Parameter 'key' could be a super parameter.
INFO|LINT|LIBRARY_PRIVATE_TYPES_IN_PUBLIC_API|C:\\Users\\ferch\\Documents\\infoapp - copia antigravyti\\lib\\pages\\servicios\\widgets\\notas_modal.dart|20|3|16|Invalid use of a private type in a public API.
INFO|LINT|NO_LEADING_UNDERSCORES_FOR_LOCAL_IDENTIFIERS|C:\\Users\\ferch\\Documents\\infoapp - copia antigravyti\\lib\\pages\\servicios\\widgets\\notas_modal.dart|60|11|11|The local variable '_controller' starts with an underscore.
INFO|LINT|USE_BUILD_CONTEXT_SYNCHRONOUSLY|C:\\Users\\ferch\\Documents\\infoapp - copia antigravyti\\lib\\pages\\servicios\\widgets\\notas_modal.dart|95|37|7|Don't use 'BuildContext's across async gaps, guarded by an unrelated 'mounted' check.
INFO|LINT|USE_BUILD_CONTEXT_SYNCHRONOUSLY|C:\\Users\\ferch\\Documents\\infoapp - copia antigravyti\\lib\\pages\\servicios\\widgets\\notas_modal.dart|99|25|7|Don't use 'BuildContext's across async gaps, guarded by an unrelated 'mounted' check.
INFO|LINT|NO_LEADING_UNDERSCORES_FOR_LOCAL_IDENTIFIERS|C:\\Users\\ferch\\Documents\\infoapp - copia antigravyti\\lib\\pages\\servicios\\widgets\\notas_modal.dart|126|11|11|The local variable '_controller' starts with an underscore.
INFO|LINT|USE_BUILD_CONTEXT_SYNCHRONOUSLY|C:\\Users\\ferch\\Documents\\infoapp - copia antigravyti\\lib\\pages\\servicios\\widgets\\notas_modal.dart|161|37|7|Don't use 'BuildContext's across async gaps, guarded by an unrelated 'mounted' check.
INFO|LINT|USE_BUILD_CONTEXT_SYNCHRONOUSLY|C:\\Users\\ferch\\Documents\\infoapp - copia antigravyti\\lib\\pages\\servicios\\widgets\\notas_modal.dart|165|25|7|Don't use 'BuildContext's across async gaps, guarded by an unrelated 'mounted' check.
INFO|HINT|DEPRECATED_MEMBER_USE|C:\\Users\\ferch\\Documents\\infoapp - copia antigravyti\\lib\\pages\\servicios\\widgets\\servicios_filtros.dart|47|60|11|'withOpacity' is deprecated and shouldn't be used. Use .withValues() to avoid precision loss.
INFO|HINT|DEPRECATED_MEMBER_USE|C:\\Users\\ferch\\Documents\\infoapp - copia antigravyti\\lib\\pages\\servicios\\widgets\\servicios_filtros.dart|64|60|11|'withOpacity' is deprecated and shouldn't be used. Use .withValues() to avoid precision loss.
INFO|HINT|DEPRECATED_MEMBER_USE|C:\\Users\\ferch\\Documents\\infoapp - copia antigravyti\\lib\\pages\\servicios\\widgets\\servicios_filtros.dart|98|32|11|'withOpacity' is deprecated and shouldn't be used. Use .withValues() to avoid precision loss.
INFO|HINT|DEPRECATED_MEMBER_USE|C:\\Users\\ferch\\Documents\\infoapp - copia antigravyti\\lib\\pages\\servicios\\widgets\\servicios_filtros.dart|118|30|11|'withOpacity' is deprecated and shouldn't be used. Use .withValues() to avoid precision loss.
INFO|HINT|DEPRECATED_MEMBER_USE|C:\\Users\\ferch\\Documents\\infoapp - copia antigravyti\\lib\\pages\\servicios\\widgets\\servicios_filtros.dart|321|50|11|'withOpacity' is deprecated and shouldn't be used. Use .withValues() to avoid precision loss.
INFO|HINT|DEPRECATED_MEMBER_USE|C:\\Users\\ferch\\Documents\\infoapp - copia antigravyti\\lib\\pages\\servicios\\widgets\\servicios_filtros.dart|322|50|11|'withOpacity' is deprecated and shouldn't be used. Use .withValues() to avoid precision loss.
INFO|HINT|DEPRECATED_MEMBER_USE|C:\\Users\\ferch\\Documents\\infoapp - copia antigravyti\\lib\\pages\\servicios\\widgets\\servicios_filtros.dart|326|52|11|'withOpacity' is deprecated and shouldn't be used. Use .withValues() to avoid precision loss.
INFO|HINT|DEPRECATED_MEMBER_USE|C:\\Users\\ferch\\Documents\\infoapp - copia antigravyti\\lib\\pages\\servicios\\widgets\\servicios_filtros.dart|327|52|11|'withOpacity' is deprecated and shouldn't be used. Use .withValues() to avoid precision loss.
INFO|HINT|DEPRECATED_MEMBER_USE|C:\\Users\\ferch\\Documents\\infoapp - copia antigravyti\\lib\\pages\\servicios\\widgets\\servicios_filtros.dart|383|23|11|'withOpacity' is deprecated and shouldn't be used. Use .withValues() to avoid precision loss.
INFO|HINT|DEPRECATED_MEMBER_USE|C:\\Users\\ferch\\Documents\\infoapp - copia antigravyti\\lib\\pages\\servicios\\widgets\\servicios_filtros_modal.dart|132|47|11|'withOpacity' is deprecated and shouldn't be used. Use .withValues() to avoid precision loss.
INFO|HINT|DEPRECATED_MEMBER_USE|C:\\Users\\ferch\\Documents\\infoapp - copia antigravyti\\lib\\pages\\servicios\\widgets\\servicios_filtros_modal.dart|142|49|11|'withOpacity' is deprecated and shouldn't be used. Use .withValues() to avoid precision loss.
INFO|HINT|DEPRECATED_MEMBER_USE|C:\\Users\\ferch\\Documents\\infoapp - copia antigravyti\\lib\\pages\\servicios\\widgets\\servicios_filtros_modal.dart|171|47|11|'withOpacity' is deprecated and shouldn't be used. Use .withValues() to avoid precision loss.
INFO|HINT|DEPRECATED_MEMBER_USE|C:\\Users\\ferch\\Documents\\infoapp - copia antigravyti\\lib\\pages\\servicios\\widgets\\servicios_filtros_modal.dart|209|37|11|'withOpacity' is deprecated and shouldn't be used. Use .withValues() to avoid precision loss.
INFO|HINT|DEPRECATED_MEMBER_USE|C:\\Users\\ferch\\Documents\\infoapp - copia antigravyti\\lib\\pages\\servicios\\widgets\\servicios_page_nueva.dart|353|41|11|'withOpacity' is deprecated and shouldn't be used. Use .withValues() to avoid precision loss.
INFO|HINT|DEPRECATED_MEMBER_USE|C:\\Users\\ferch\\Documents\\infoapp - copia antigravyti\\lib\\pages\\servicios\\widgets\\servicios_tabla.dart|239|54|11|'withOpacity' is deprecated and shouldn't be used. Use .withValues() to avoid precision loss.
INFO|HINT|DEPRECATED_MEMBER_USE|C:\\Users\\ferch\\Documents\\infoapp - copia antigravyti\\lib\\pages\\servicios\\widgets\\servicios_tabla.dart|1057|57|11|'withOpacity' is deprecated and shouldn't be used. Use .withValues() to avoid precision loss.
INFO|HINT|DEPRECATED_MEMBER_USE|C:\\Users\\ferch\\Documents\\infoapp - copia antigravyti\\lib\\pages\\servicios\\widgets\\servicios_tabla.dart|1133|54|11|'withOpacity' is deprecated and shouldn't be used. Use .withValues() to avoid precision loss.
INFO|HINT|DEPRECATED_MEMBER_USE|C:\\Users\\ferch\\Documents\\infoapp - copia antigravyti\\lib\\pages\\servicios\\widgets\\servicios_tabla.dart|1223|56|11|'withOpacity' is deprecated and shouldn't be used. Use .withValues() to avoid precision loss.
INFO|HINT|DEPRECATED_MEMBER_USE|C:\\Users\\ferch\\Documents\\infoapp - copia antigravyti\\lib\\pages\\servicios\\widgets\\servicios_tabla.dart|1236|43|11|'withOpacity' is deprecated and shouldn't be used. Use .withValues() to avoid precision loss.
INFO|HINT|DEPRECATED_MEMBER_USE|C:\\Users\\ferch\\Documents\\infoapp - copia antigravyti\\lib\\pages\\servicios\\widgets\\servicios_tabla.dart|1295|55|11|'withOpacity' is deprecated and shouldn't be used. Use .withValues() to avoid precision loss.
INFO|HINT|DEPRECATED_MEMBER_USE|C:\\Users\\ferch\\Documents\\infoapp - copia antigravyti\\lib\\pages\\servicios\\widgets\\servicios_tabla.dart|1302|57|11|'withOpacity' is deprecated and shouldn't be used. Use .withValues() to avoid precision loss.
INFO|HINT|DEPRECATED_MEMBER_USE|C:\\Users\\ferch\\Documents\\infoapp - copia antigravyti\\lib\\pages\\servicios\\widgets\\servicios_tabla.dart|1393|49|11|'withOpacity' is deprecated and shouldn't be used. Use .withValues() to avoid precision loss.
INFO|HINT|DEPRECATED_MEMBER_USE|C:\\Users\\ferch\\Documents\\infoapp - copia antigravyti\\lib\\pages\\servicios\\widgets\\servicios_tabla.dart|1408|49|11|'withOpacity' is deprecated and shouldn't be used. Use .withValues() to avoid precision loss.
INFO|HINT|DEPRECATED_MEMBER_USE|C:\\Users\\ferch\\Documents\\infoapp - copia antigravyti\\lib\\pages\\servicios\\widgets\\servicios_tabla.dart|1489|56|11|'withOpacity' is deprecated and shouldn't be used. Use .withValues() to avoid precision loss.
INFO|HINT|DEPRECATED_MEMBER_USE|C:\\Users\\ferch\\Documents\\infoapp - copia antigravyti\\lib\\pages\\servicios\\widgets\\servicios_tabla.dart|1549|60|11|'withOpacity' is deprecated and shouldn't be used. Use .withValues() to avoid precision loss.
INFO|HINT|DEPRECATED_MEMBER_USE|C:\\Users\\ferch\\Documents\\infoapp - copia antigravyti\\lib\\pages\\servicios\\widgets\\servicios_tabla.dart|1552|62|11|'withOpacity' is deprecated and shouldn't be used. Use .withValues() to avoid precision loss.
INFO|HINT|DEPRECATED_MEMBER_USE|C:\\Users\\ferch\\Documents\\infoapp - copia antigravyti\\lib\\pages\\servicios\\widgets\\servicios_tabla.dart|1742|41|11|'withOpacity' is deprecated and shouldn't be used. Use .withValues() to avoid precision loss.
INFO|HINT|DEPRECATED_MEMBER_USE|C:\\Users\\ferch\\Documents\\infoapp - copia antigravyti\\lib\\pages\\servicios\\widgets\\servicios_tabla.dart|1747|43|11|'withOpacity' is deprecated and shouldn't be used. Use .withValues() to avoid precision loss.
INFO|LINT|USE_BUILD_CONTEXT_SYNCHRONOUSLY|C:\\Users\\ferch\\Documents\\infoapp - copia antigravyti\\lib\\pages\\servicios\\widgets\\servicios_tabla.dart|1838|35|7|Don't use 'BuildContext's across async gaps.
INFO|HINT|DEPRECATED_MEMBER_USE|C:\\Users\\ferch\\Documents\\infoapp - copia antigravyti\\lib\\pages\\servicios\\widgets\\servicios_tabla.dart|2108|58|11|'withOpacity' is deprecated and shouldn't be used. Use .withValues() to avoid precision loss.
INFO|HINT|DEPRECATED_MEMBER_USE|C:\\Users\\ferch\\Documents\\infoapp - copia antigravyti\\lib\\pages\\servicios\\widgets\\servicios_tabla.dart|2111|60|11|'withOpacity' is deprecated and shouldn't be used. Use .withValues() to avoid precision loss.
INFO|HINT|DEPRECATED_MEMBER_USE|C:\\Users\\ferch\\Documents\\infoapp - copia antigravyti\\lib\\pages\\servicios\\widgets\\servicios_tabla.dart|2159|41|11|'withOpacity' is deprecated and shouldn't be used. Use .withValues() to avoid precision loss.
INFO|HINT|DEPRECATED_MEMBER_USE|C:\\Users\\ferch\\Documents\\infoapp - copia antigravyti\\lib\\pages\\servicios\\widgets\\servicios_tabla.dart|2161|60|11|'withOpacity' is deprecated and shouldn't be used. Use .withValues() to avoid precision loss.
INFO|HINT|DEPRECATED_MEMBER_USE|C:\\Users\\ferch\\Documents\\infoapp - copia antigravyti\\lib\\pages\\servicios\\widgets\\servicios_tabla.dart|2215|60|11|'withOpacity' is deprecated and shouldn't be used. Use .withValues() to avoid precision loss.
INFO|HINT|DEPRECATED_MEMBER_USE|C:\\Users\\ferch\\Documents\\infoapp - copia antigravyti\\lib\\pages\\servicios\\widgets\\servicios_tabla.dart|2218|62|11|'withOpacity' is deprecated and shouldn't be used. Use .withValues() to avoid precision loss.
INFO|HINT|DEPRECATED_MEMBER_USE|C:\\Users\\ferch\\Documents\\infoapp - copia antigravyti\\lib\\pages\\servicios\\widgets\\servicios_tabla.dart|2311|58|11|'withOpacity' is deprecated and shouldn't be used. Use .withValues() to avoid precision loss.
INFO|HINT|DEPRECATED_MEMBER_USE|C:\\Users\\ferch\\Documents\\infoapp - copia antigravyti\\lib\\pages\\servicios\\widgets\\servicios_tabla.dart|2314|60|11|'withOpacity' is deprecated and shouldn't be used. Use .withValues() to avoid precision loss.
INFO|HINT|DEPRECATED_MEMBER_USE|C:\\Users\\ferch\\Documents\\infoapp - copia antigravyti\\lib\\pages\\servicios\\widgets\\servicios_tabla.dart|2568|53|11|'withOpacity' is deprecated and shouldn't be used. Use .withValues() to avoid precision loss.
INFO|HINT|DEPRECATED_MEMBER_USE|C:\\Users\\ferch\\Documents\\infoapp - copia antigravyti\\lib\\pages\\servicios\\widgets\\servicios_tabla.dart|2575|62|11|'withOpacity' is deprecated and shouldn't be used. Use .withValues() to avoid precision loss.
INFO|HINT|DEPRECATED_MEMBER_USE|C:\\Users\\ferch\\Documents\\infoapp - copia antigravyti\\lib\\pages\\servicios\\widgets\\servicios_tabla.dart|2600|51|11|'withOpacity' is deprecated and shouldn't be used. Use .withValues() to avoid precision loss.
INFO|HINT|DEPRECATED_MEMBER_USE|C:\\Users\\ferch\\Documents\\infoapp - copia antigravyti\\lib\\pages\\servicios\\widgets\\servicios_tabla.dart|2603|53|11|'withOpacity' is deprecated and shouldn't be used. Use .withValues() to avoid precision loss.
INFO|HINT|DEPRECATED_MEMBER_USE|C:\\Users\\ferch\\Documents\\infoapp - copia antigravyti\\lib\\pages\\servicios\\widgets\\servicios_tabla.dart|2714|57|11|'withOpacity' is deprecated and shouldn't be used. Use .withValues() to avoid precision loss.
INFO|LINT|USE_BUILD_CONTEXT_SYNCHRONOUSLY|C:\\Users\\ferch\\Documents\\infoapp - copia antigravyti\\lib\\pages\\servicios\\widgets\\servicios_tabla.dart|2743|35|7|Don't use 'BuildContext's across async gaps.
INFO|HINT|DEPRECATED_MEMBER_USE|C:\\Users\\ferch\\Documents\\infoapp - copia antigravyti\\lib\\pages\\servicios\\widgets\\staff_picker_modal.dart|136|53|11|'withOpacity' is deprecated and shouldn't be used. Use .withValues() to avoid precision loss.
INFO|HINT|DEPRECATED_MEMBER_USE|C:\\Users\\ferch\\Documents\\infoapp - copia antigravyti\\lib\\pages\\servicios\\widgets\\staff_picker_modal.dart|235|59|11|'withOpacity' is deprecated and shouldn't be used. Use .withValues() to avoid precision loss.
INFO|HINT|DEPRECATED_MEMBER_USE|C:\\Users\\ferch\\Documents\\infoapp - copia antigravyti\\lib\\pages\\servicios\\widgets\\staff_selection_modal.dart|228|53|11|'withOpacity' is deprecated and shouldn't be used. Use .withValues() to avoid precision loss.
INFO|HINT|DEPRECATED_MEMBER_USE|C:\\Users\\ferch\\Documents\\infoapp - copia antigravyti\\lib\\pages\\servicios\\widgets\\staff_selection_modal.dart|369|59|11|'withOpacity' is deprecated and shouldn't be used. Use .withValues() to avoid precision loss.
INFO|HINT|DEPRECATED_MEMBER_USE|C:\\Users\\ferch\\Documents\\infoapp - copia antigravyti\\lib\\pages\\servicios\\widgets\\user_picker_modal.dart|250|57|11|'withOpacity' is deprecated and shouldn't be used. Use .withValues() to avoid precision loss.
INFO|HINT|DEPRECATED_MEMBER_USE|C:\\Users\\ferch\\Documents\\infoapp - copia antigravyti\\lib\\pages\\servicios\\widgets\\user_picker_modal.dart|272|59|11|'withOpacity' is deprecated and shouldn't be used. Use .withValues() to avoid precision loss.
INFO|HINT|DEPRECATED_MEMBER_USE|C:\\Users\\ferch\\Documents\\infoapp - copia antigravyti\\lib\\pages\\servicios\\widgets\\user_selection_modal.dart|372|57|11|'withOpacity' is deprecated and shouldn't be used. Use .withValues() to avoid precision loss.
INFO|HINT|DEPRECATED_MEMBER_USE|C:\\Users\\ferch\\Documents\\infoapp - copia antigravyti\\lib\\pages\\servicios\\widgets\\user_selection_modal.dart|393|59|11|'withOpacity' is deprecated and shouldn't be used. Use .withValues() to avoid precision loss.
